# serializer version: 1
# name: test_local_happy_path_end_to_end
  dict({
    'list': dict({
      'data': dict({
        'items': list([
          dict({
            'blocks': 1,
            'bytes': 3393,
            'children': None,
            'content_kind': 'text',
            'created': '<TIMESTAMP>',
            'created_at': '<TIMESTAMP>',
            'encoding': 'base64',
            'filename': 'countries.csv',
            'hash_algo': 'sha256',
            'id': '<MEMORY_ID>',
            'memory_id': '<MEMORY_ID>',
            'merkle_root': '<MERKLE_ROOT>',
            'mime_type': 'text/csv',
            'mode': 'local',
            'source': 'cli',
            'stored_bytes': 4564,
            'tags': list([
              'p71a',
              'csv',
            ]),
          }),
          dict({
            'blocks': 1,
            'bytes': 11363,
            'children': None,
            'content_kind': 'text',
            'created': '<TIMESTAMP>',
            'created_at': '<TIMESTAMP>',
            'encoding': 'base64',
            'filename': 'knowledge_base.md',
            'hash_algo': 'sha256',
            'id': '<MEMORY_ID>',
            'memory_id': '<MEMORY_ID>',
            'merkle_root': '<MERKLE_ROOT>',
            'mime_type': 'text/markdown',
            'mode': 'local',
            'source': 'cli',
            'stored_bytes': 15188,
            'tags': list([
              'p71a',
              'md',
            ]),
          }),
          dict({
            'blocks': 12,
            'bytes': 738046,
            'children': None,
            'content_kind': 'text',
            'created': '<TIMESTAMP>',
            'created_at': '<TIMESTAMP>',
            'encoding': 'base64',
            'filename': 'pride_and_prejudice_excerpt.txt',
            'hash_algo': 'sha256',
            'id': '<MEMORY_ID>',
            'memory_id': '<MEMORY_ID>',
            'merkle_root': '<MERKLE_ROOT>',
            'mime_type': 'text/plain',
            'mode': 'local',
            'source': 'cli',
            'stored_bytes': 984100,
            'tags': list([
              'p71a',
              'txt',
            ]),
          }),
        ]),
        'limit': 50,
        'since': None,
        'tag': 'p71a',
      }),
      'error': None,
      'operation': 'memory.list',
      'status': 'ok',
    }),
    'recall': dict({
      'data': dict({
        'bytes': 738046,
        'envelope': None,
        'integrity_warning': None,
        'memory_id': '<MEMORY_ID>',
        'out': None,
        'plaintext_b64': None,
        'preview': '<PREVIEW>',
        'printed': False,
        'reason': 'Large or binary content',
        'restored_from_backup': False,
        'semantic': '<SEMANTIC>',
        'suggested_out': 'pride_and_prejudice_excerpt.txt',
      }),
      'error': None,
      'operation': 'memory.recall',
      'status': 'ok',
    }),
    'remember': dict({
      'data': dict({
        'backup_key': None,
        'backup_warning': None,
        'blocks': 1,
        'bytes': 3393,
        'memory_id': '<MEMORY_ID>',
        'merkle_root': '<MERKLE_ROOT>',
        'path': '<MEMORY_PATH>',
        'tags': list([
          'p71a',
          'csv',
        ]),
      }),
      'error': None,
      'operation': 'memory.remember',
      'status': 'ok',
    }),
    'search': dict({
      'data': dict({
        'k': 5,
        'query': 'DataFrame',
        'results': list([
          dict({
            'created_at': '<TIMESTAMP>',
            'integrity_warning': None,
            'memory_id': '<MEMORY_ID>',
            'preview': '<PREVIEW>',
            'restored_from_backup': False,
            'score': 0.193954735994339,
            'semantic': '<SEMANTIC>',
            'tags': list([
              'p71a',
              'csv',
            ]),
          }),
          dict({
            'created_at': '<TIMESTAMP>',
            'integrity_warning': None,
            'memory_id': '<MEMORY_ID>',
            'preview': '<PREVIEW>',
            'restored_from_backup': False,
            'score': 0.12067015469074249,
            'semantic': '<SEMANTIC>',
            'tags': list([
              'p71a',
              'md',
            ]),
          }),
          dict({
            'created_at': '<TIMESTAMP>',
            'integrity_warning': None,
            'memory_id': '<MEMORY_ID>',
            'preview': '<PREVIEW>',
            'restored_from_backup': False,
            'score': 0.006547991186380386,
            'semantic': '<SEMANTIC>',
            'tags': list([
              'p71a',
              'txt',
            ]),
          }),
        ]),
        'tag': None,
        'threshold': 0.0,
      }),
      'error': None,
      'operation': 'memory.search',
      'status': 'ok',
    }),
    'verify': dict({
      'failed': list([
      ]),
      'ok': 2,
      'total': 2,
    }),
  })
# ---
