# serializer version: 1
# name: test_adversarial_preview_truncation_and_semantic_snapshot
  dict({
    'recall': dict({
      'operation': 'memory.recall',
      'preview_len': 4096,
      'semantic_keys': list([
        'filename',
        'kind',
        'metadata',
        'mime_type',
        'preview',
        'tables',
        'text',
        'warnings',
      ]),
      'semantic_kind': 'text',
      'semantic_mime': 'text/plain',
      'warnings': list([
      ]),
    }),
    'search': dict({
      'first_result_preview_len': 4096,
      'first_result_semantic_keys': list([
        'filename',
        'kind',
        'metadata',
        'mime_type',
        'preview',
        'tables',
        'text',
        'warnings',
      ]),
      'operation': 'memory.search',
      'result_count': 1,
    }),
  })
# ---
